// Jest Snapshot v1, https://goo.gl/fbAQLP

exports[`Footer renders 1`] = `
<footer
  className="main-footer"
>
  <div
    className="container"
  >
    <span
      className="site-name"
    >
      netflixroulette
    </span>
  </div>
</footer>
`;
