// Jest Snapshot v1, https://goo.gl/fbAQLP

exports[`SearchField renders 1`] = `
<form
  className="search-form"
  onSubmit={[Function]}
>
  <input
    className="search-field"
    onChange={[Function]}
    placeholder="Enter search term..."
    type="search"
    value="searchTerm"
  />
  <span
    className="search-field-icon"
  >
    â†©
  </span>
</form>
`;
