// Jest Snapshot v1, https://goo.gl/fbAQLP

exports[`Error Boundary renders 1`] = `"Test"`;
