// Jest Snapshot v1, https://goo.gl/fbAQLP

exports[`SiteName renders 1`] = `
<span
  className="site-name"
>
  netflixroulette
</span>
`;
