// Jest Snapshot v1, https://goo.gl/fbAQLP

exports[`SearchControls renders 1`] = `
<div
  className="search-controls"
>
  <SearchBy />
  <Button
    className="search-button"
    color="red"
    size="lg"
  >
    Search
  </Button>
</div>
`;
