// Jest Snapshot v1, https://goo.gl/fbAQLP

exports[`SubHeader renders 1`] = `
<div
  className="sub-header"
>
  <div
    className="container sub-header-container"
  />
</div>
`;
